Archive member included because of file (symbol)

E:\LPCXpresso\workspace\CMSIS_CORE_LPC8xx\Release\libCMSIS_CORE_LPC8xx.a(system_LPC8xx.o)
                              ./src/UART2I2C.o (SystemCoreClockUpdate)
d:/lpcxpresso_7.6.2_326/lpcxpresso/tools/bin/../lib/gcc/arm-none-eabi/4.9.3/../../../../arm-none-eabi/lib/armv6-m\libcr_c.a(__weak__main.o)
                              ./src/cr_startup_lpc8xx.o (__main)
d:/lpcxpresso_7.6.2_326/lpcxpresso/tools/bin/../lib/gcc/arm-none-eabi/4.9.3/armv6-m\libcr_eabihelpers.a(division_32.o)
                              ./src/mrt.o (__aeabi_uidiv)
d:/lpcxpresso_7.6.2_326/lpcxpresso/tools/bin/../lib/gcc/arm-none-eabi/4.9.3/armv6-m\libcr_eabihelpers.a(division_idiv0.o)
                              d:/lpcxpresso_7.6.2_326/lpcxpresso/tools/bin/../lib/gcc/arm-none-eabi/4.9.3/armv6-m\libcr_eabihelpers.a(division_32.o) (__aeabi_idiv0)

Allocating common symbols
Common symbol       size              file

uart_prevBuffover   0x1               ./src/uart.o
cmdwait             0x1               ./src/UART2I2C.o
flgichigo           0x1               ./src/UART2I2C.o
modeOut             0x1               ./src/UART2I2C.o
flgdebug            0x1               ./src/UART2I2C.o
flginf              0x1               ./src/UART2I2C.o

Discarded input sections

 .text          0x00000000        0x0 ./src/UART2I2C.o
 .data          0x00000000        0x0 ./src/UART2I2C.o
 .bss           0x00000000        0x0 ./src/UART2I2C.o
 .text          0x00000000        0x0 ./src/cr_startup_lpc8xx.o
 .data          0x00000000        0x0 ./src/cr_startup_lpc8xx.o
 .bss           0x00000000        0x0 ./src/cr_startup_lpc8xx.o
 .text          0x00000000        0x0 ./src/crp.o
 .data          0x00000000        0x0 ./src/crp.o
 .bss           0x00000000        0x0 ./src/crp.o
 .crp           0x00000000        0x4 ./src/crp.o
 .debug_info    0x00000000       0x3b ./src/crp.o
 .debug_abbrev  0x00000000       0x33 ./src/crp.o
 .debug_aranges
                0x00000000       0x18 ./src/crp.o
 .debug_line    0x00000000       0x2d ./src/crp.o
 .debug_str     0x00000000       0xf8 ./src/crp.o
 .comment       0x00000000       0x71 ./src/crp.o
 .ARM.attributes
                0x00000000       0x31 ./src/crp.o
 .text          0x00000000        0x0 ./src/i2c.o
 .data          0x00000000        0x0 ./src/i2c.o
 .bss           0x00000000        0x0 ./src/i2c.o
 .text          0x00000000        0x0 ./src/mrt.o
 .data          0x00000000        0x0 ./src/mrt.o
 .bss           0x00000000        0x0 ./src/mrt.o
 .text          0x00000000        0x0 ./src/uart.o
 .data          0x00000000        0x0 ./src/uart.o
 .bss           0x00000000        0x0 ./src/uart.o
 .text.uart_read
                0x00000000        0xc ./src/uart.o
 .text          0x00000000        0x0 E:\LPCXpresso\workspace\CMSIS_CORE_LPC8xx\Release\libCMSIS_CORE_LPC8xx.a(system_LPC8xx.o)
 .data          0x00000000        0x0 E:\LPCXpresso\workspace\CMSIS_CORE_LPC8xx\Release\libCMSIS_CORE_LPC8xx.a(system_LPC8xx.o)
 .bss           0x00000000        0x0 E:\LPCXpresso\workspace\CMSIS_CORE_LPC8xx\Release\libCMSIS_CORE_LPC8xx.a(system_LPC8xx.o)
 .text          0x00000000        0x0 d:/lpcxpresso_7.6.2_326/lpcxpresso/tools/bin/../lib/gcc/arm-none-eabi/4.9.3/../../../../arm-none-eabi/lib/armv6-m\libcr_c.a(__weak__main.o)
 .data          0x00000000        0x0 d:/lpcxpresso_7.6.2_326/lpcxpresso/tools/bin/../lib/gcc/arm-none-eabi/4.9.3/../../../../arm-none-eabi/lib/armv6-m\libcr_c.a(__weak__main.o)
 .bss           0x00000000        0x0 d:/lpcxpresso_7.6.2_326/lpcxpresso/tools/bin/../lib/gcc/arm-none-eabi/4.9.3/../../../../arm-none-eabi/lib/armv6-m\libcr_c.a(__weak__main.o)
 .text          0x00000000        0x0 d:/lpcxpresso_7.6.2_326/lpcxpresso/tools/bin/../lib/gcc/arm-none-eabi/4.9.3/armv6-m\libcr_eabihelpers.a(division_32.o)
 .data          0x00000000        0x0 d:/lpcxpresso_7.6.2_326/lpcxpresso/tools/bin/../lib/gcc/arm-none-eabi/4.9.3/armv6-m\libcr_eabihelpers.a(division_32.o)
 .bss           0x00000000        0x0 d:/lpcxpresso_7.6.2_326/lpcxpresso/tools/bin/../lib/gcc/arm-none-eabi/4.9.3/armv6-m\libcr_eabihelpers.a(division_32.o)
 .text          0x00000000        0x0 d:/lpcxpresso_7.6.2_326/lpcxpresso/tools/bin/../lib/gcc/arm-none-eabi/4.9.3/armv6-m\libcr_eabihelpers.a(division_idiv0.o)
 .data          0x00000000        0x0 d:/lpcxpresso_7.6.2_326/lpcxpresso/tools/bin/../lib/gcc/arm-none-eabi/4.9.3/armv6-m\libcr_eabihelpers.a(division_idiv0.o)
 .bss           0x00000000        0x0 d:/lpcxpresso_7.6.2_326/lpcxpresso/tools/bin/../lib/gcc/arm-none-eabi/4.9.3/armv6-m\libcr_eabihelpers.a(division_idiv0.o)

Memory Configuration

Name             Origin             Length             Attributes
MFlash4          0x00000000         0x00001000         xr
RamLoc1          0x10000000         0x00000400         xrw
*default*        0x00000000         0xffffffff

Linker script and memory map

LOAD ./src/UART2I2C.o
LOAD ./src/cr_startup_lpc8xx.o
LOAD ./src/crp.o
LOAD ./src/i2c.o
LOAD ./src/mrt.o
LOAD ./src/uart.o
LOAD E:\LPCXpresso\workspace\CMSIS_CORE_LPC8xx\Release\libCMSIS_CORE_LPC8xx.a
START GROUP
LOAD d:/lpcxpresso_7.6.2_326/lpcxpresso/tools/bin/../lib/gcc/arm-none-eabi/4.9.3/../../../../arm-none-eabi/lib/armv6-m\libcr_c.a
LOAD d:/lpcxpresso_7.6.2_326/lpcxpresso/tools/bin/../lib/gcc/arm-none-eabi/4.9.3/armv6-m\libcr_eabihelpers.a
END GROUP
                0x00001000                __top_MFlash4 = 0x1000
                0x10000400                __top_RamLoc1 = 0x10000400

.text           0x00000000      0xd0c
 FILL mask 0xff
                0x00000000                __vectors_start__ = ABSOLUTE (.)
 *(.isr_vector)
 .isr_vector    0x00000000       0xc0 ./src/cr_startup_lpc8xx.o
                0x00000000                g_pfnVectors
                0x000000c0                . = ALIGN (0x4)
                0x000000c0                __section_table_start = .
                0x000000c0                __data_section_table = .
                0x000000c0        0x4 LONG 0xd0c LOADADDR (.data)
                0x000000c4        0x4 LONG 0x10000000 ADDR (.data)
                0x000000c8        0x4 LONG 0x4 SIZEOF (.data)
                0x000000cc                __data_section_table_end = .
                0x000000cc                __bss_section_table = .
                0x000000cc        0x4 LONG 0x10000004 ADDR (.bss)
                0x000000d0        0x4 LONG 0xc SIZEOF (.bss)
                0x000000d4                __bss_section_table_end = .
                0x000000d4                __section_table_end = .
 *(.after_vectors*)
 .after_vectors
                0x000000d4       0x70 ./src/cr_startup_lpc8xx.o
                0x000000d4                NMI_Handler
                0x000000d6                HardFault_Handler
                0x000000d8                SVC_Handler
                0x000000da                PendSV_Handler
                0x000000dc                SysTick_Handler
                0x000000de                PININT2_IRQHandler
                0x000000de                PININT1_IRQHandler
                0x000000de                WKT_IRQHandler
                0x000000de                PININT7_IRQHandler
                0x000000de                UART1_IRQHandler
                0x000000de                UART0_IRQHandler
                0x000000de                SPI0_IRQHandler
                0x000000de                SPI1_IRQHandler
                0x000000de                IntDefaultHandler
                0x000000de                CMP_IRQHandler
                0x000000de                PININT3_IRQHandler
                0x000000de                UART2_IRQHandler
                0x000000de                PININT5_IRQHandler
                0x000000de                PININT4_IRQHandler
                0x000000de                PININT0_IRQHandler
                0x000000de                BOD_IRQHandler
                0x000000de                SCT_IRQHandler
                0x000000de                I2C_IRQHandler
                0x000000de                WDT_IRQHandler
                0x000000de                PININT6_IRQHandler
                0x000000e0                data_init
                0x000000f2                bss_init
                0x00000102                ResetISR
 *(.text*)
 .text.for_ichigo_rem
                0x00000144       0x18 ./src/UART2I2C.o
                0x00000144                for_ichigo_rem
 .text.uart_dump
                0x0000015c       0x54 ./src/UART2I2C.o
                0x0000015c                uart_dump
 .text.SwitchMatrix_Init
                0x000001b0       0x34 ./src/UART2I2C.o
                0x000001b0                SwitchMatrix_Init
 .text.hex2val  0x000001e4       0x56 ./src/UART2I2C.o
                0x000001e4                hex2val
 *fill*         0x0000023a        0x2 
 .text.debug_uartToi2c
                0x0000023c       0x70 ./src/UART2I2C.o
                0x0000023c                debug_uartToi2c
 .text.execI2Ccmd
                0x000002ac       0xfc ./src/UART2I2C.o
                0x000002ac                execI2Ccmd
 .text.text2cmd
                0x000003a8      0x1e4 ./src/UART2I2C.o
                0x000003a8                text2cmd
 .text.doUART2I2C
                0x0000058c       0x74 ./src/UART2I2C.o
                0x0000058c                doUART2I2C
 .text.startup.main
                0x00000600       0x4c ./src/UART2I2C.o
                0x00000600                main
 .text.i2c_waitReady
                0x0000064c       0x28 ./src/i2c.o
                0x0000064c                i2c_waitReady
 .text.i2c_write_address
                0x00000674       0x40 ./src/i2c.o
                0x00000674                i2c_write_address
 .text.i2c_write_byte
                0x000006b4       0x3c ./src/i2c.o
                0x000006b4                i2c_write_byte
 .text.i2c_read_byte
                0x000006f0       0x40 ./src/i2c.o
                0x000006f0                i2c_read_byte
 .text.i2c_msend
                0x00000730       0x3c ./src/i2c.o
                0x00000730                i2c_msend
 .text.i2c_send
                0x0000076c       0x14 ./src/i2c.o
                0x0000076c                i2c_send
 .text.i2c_mreceive
                0x00000780       0x48 ./src/i2c.o
                0x00000780                i2c_mreceive
 .text.i2c_msendRcv
                0x000007c8       0x6c ./src/i2c.o
                0x000007c8                i2c_msendRcv
 .text.i2c_init
                0x00000834       0x60 ./src/i2c.o
                0x00000834                i2c_init
 .text.MRT_IRQHandler
                0x00000894       0x20 ./src/mrt.o
                0x00000894                MRT_IRQHandler
 .text.mrt_init
                0x000008b4       0x5c ./src/mrt.o
                0x000008b4                mrt_init
 .text.delay    0x00000910       0x14 ./src/mrt.o
                0x00000910                delay
 .text.mrt_read_counter
                0x00000924        0xc ./src/mrt.o
                0x00000924                mrt_read_counter
 .text.uart_clockinit
                0x00000930       0x44 ./src/uart.o
                0x00000930                uart_clockinit
 .text.uart_init
                0x00000974       0x74 ./src/uart.o
                0x00000974                uart_init
 .text.uart_write
                0x000009e8       0x10 ./src/uart.o
                0x000009e8                uart_write
 .text.uart_available
                0x000009f8       0x10 ./src/uart.o
                0x000009f8                uart_available
 .text.uart_clear
                0x00000a08       0x28 ./src/uart.o
                0x00000a08                uart_clear
 .text.uart_readline
                0x00000a30       0x64 ./src/uart.o
                0x00000a30                uart_readline
 .text.uart_print
                0x00000a94       0x14 ./src/uart.o
                0x00000a94                uart_print
 .text.uart_writeln
                0x00000aa8       0x10 ./src/uart.o
                0x00000aa8                uart_writeln
 .text.uart_println
                0x00000ab8        0xc ./src/uart.o
                0x00000ab8                uart_println
 .text.uart_print_dec
                0x00000ac4       0x48 ./src/uart.o
                0x00000ac4                uart_print_dec
 .text.uart_print_hex
                0x00000b0c       0x2c ./src/uart.o
                0x00000b0c                uart_print_hex
 .text.SystemCoreClockUpdate
                0x00000b38       0xa0 E:\LPCXpresso\workspace\CMSIS_CORE_LPC8xx\Release\libCMSIS_CORE_LPC8xx.a(system_LPC8xx.o)
                0x00000b38                SystemCoreClockUpdate
 .text.SystemInit
                0x00000bd8       0x40 E:\LPCXpresso\workspace\CMSIS_CORE_LPC8xx\Release\libCMSIS_CORE_LPC8xx.a(system_LPC8xx.o)
                0x00000bd8                SystemInit
 .text.__weak_main
                0x00000c18        0x8 d:/lpcxpresso_7.6.2_326/lpcxpresso/tools/bin/../lib/gcc/arm-none-eabi/4.9.3/../../../../arm-none-eabi/lib/armv6-m\libcr_c.a(__weak__main.o)
                0x00000c18                __weak_main
                0x00000c18                __main
 .text.__aeabi_division_idivmod
                0x00000c20       0x78 d:/lpcxpresso_7.6.2_326/lpcxpresso/tools/bin/../lib/gcc/arm-none-eabi/4.9.3/armv6-m\libcr_eabihelpers.a(division_32.o)
                0x00000c20                __aeabi_idivmod
                0x00000c20                __aeabi_idiv
                0x00000c26                __aeabi_uidivmod
                0x00000c26                __aeabi_uidiv
 .text.__aeabi_division_idiv0
                0x00000c98        0x2 d:/lpcxpresso_7.6.2_326/lpcxpresso/tools/bin/../lib/gcc/arm-none-eabi/4.9.3/armv6-m\libcr_eabihelpers.a(division_idiv0.o)
                0x00000c98                __aeabi_idiv0
 *(.rodata .rodata.* .constdata .constdata.*)
 .rodata.str1.1
                0x00000c9a       0x35 ./src/UART2I2C.o
                                 0x37 (size before relaxing)
 *fill*         0x00000ccf        0x1 
 .rodata.CSWTCH.6
                0x00000cd0       0x3c E:\LPCXpresso\workspace\CMSIS_CORE_LPC8xx\Release\libCMSIS_CORE_LPC8xx.a(system_LPC8xx.o)
                0x00000d0c                . = ALIGN (0x4)

.glue_7         0x00000d0c        0x0
 .glue_7        0x00000000        0x0 linker stubs

.glue_7t        0x00000d0c        0x0
 .glue_7t       0x00000000        0x0 linker stubs

.vfp11_veneer   0x00000d0c        0x0
 .vfp11_veneer  0x00000000        0x0 linker stubs

.v4_bx          0x00000d0c        0x0
 .v4_bx         0x00000000        0x0 linker stubs

.iplt           0x00000d0c        0x0
 .iplt          0x00000000        0x0 ./src/UART2I2C.o

.rel.dyn        0x00000d0c        0x0
 .rel.iplt      0x00000000        0x0 ./src/UART2I2C.o

.ARM.extab
 *(.ARM.extab* .gnu.linkonce.armextab.*)
                0x00000d0c                __exidx_start = .

.ARM.exidx
 *(.ARM.exidx* .gnu.linkonce.armexidx.*)
                0x00000d0c                __exidx_end = .
                0x00000d0c                _etext = .

.mtb_buffer_default
 *(.mtb*)

.uninit_RESERVED
                0x10000000        0x0
 *(.bss.$RESERVED*)
                0x10000000                . = ALIGN (0x4)
                0x10000000                _end_uninit_RESERVED = .

.data           0x10000000        0x4 load address 0x00000d0c
 FILL mask 0xff
                0x10000000                _data = .
 *(vtable)
 *(.ramfunc*)
 *(.data*)
 .data.SystemCoreClock
                0x10000000        0x4 E:\LPCXpresso\workspace\CMSIS_CORE_LPC8xx\Release\libCMSIS_CORE_LPC8xx.a(system_LPC8xx.o)
                0x10000000                SystemCoreClock
                0x10000004                . = ALIGN (0x4)
                0x10000004                _edata = .

.igot.plt       0x10000004        0x0 load address 0x00000d10
 .igot.plt      0x00000000        0x0 ./src/UART2I2C.o

.bss            0x10000004        0xc load address 0x00000d10
                0x10000004                _bss = .
 *(.bss*)
 .bss.mrt_counter
                0x10000004        0x4 ./src/mrt.o
 *(COMMON)
 COMMON         0x10000008        0x5 ./src/UART2I2C.o
                0x10000008                cmdwait
                0x10000009                flgichigo
                0x1000000a                modeOut
                0x1000000b                flgdebug
                0x1000000c                flginf
 COMMON         0x1000000d        0x1 ./src/uart.o
                0x1000000d                uart_prevBuffover
                0x10000010                . = ALIGN (0x4)
 *fill*         0x1000000e        0x2 
                0x10000010                _ebss = .
                0x10000010                PROVIDE (end, .)

.noinit         0x10000010        0x0 load address 0x00000d10
                0x10000010                _noinit = .
 *(.noinit*)
                0x10000010                . = ALIGN (0x4)
                0x10000010                _end_noinit = .
                0x10000010                PROVIDE (_pvHeapStart, DEFINED (__user_heap_base)?__user_heap_base:.)
                0x10000400                PROVIDE (_vStackTop, DEFINED (__user_stack_top)?__user_stack_top:(__top_RamLoc1 - 0x0))
OUTPUT(UART2I2C.axf elf32-littlearm)

.debug_info     0x00000000     0x3098
 .debug_info    0x00000000      0xdc4 ./src/UART2I2C.o
 .debug_info    0x00000dc4      0x230 ./src/cr_startup_lpc8xx.o
 .debug_info    0x00000ff4      0xbfd ./src/i2c.o
 .debug_info    0x00001bf1      0x6f1 ./src/mrt.o
 .debug_info    0x000022e2      0x9a5 ./src/uart.o
 .debug_info    0x00002c87      0x411 E:\LPCXpresso\workspace\CMSIS_CORE_LPC8xx\Release\libCMSIS_CORE_LPC8xx.a(system_LPC8xx.o)

.debug_abbrev   0x00000000      0xc10
 .debug_abbrev  0x00000000      0x2ff ./src/UART2I2C.o
 .debug_abbrev  0x000002ff       0xe5 ./src/cr_startup_lpc8xx.o
 .debug_abbrev  0x000003e4      0x2a1 ./src/i2c.o
 .debug_abbrev  0x00000685      0x1c8 ./src/mrt.o
 .debug_abbrev  0x0000084d      0x2e0 ./src/uart.o
 .debug_abbrev  0x00000b2d       0xe3 E:\LPCXpresso\workspace\CMSIS_CORE_LPC8xx\Release\libCMSIS_CORE_LPC8xx.a(system_LPC8xx.o)

.debug_loc      0x00000000     0x1284
 .debug_loc     0x00000000      0x9d4 ./src/UART2I2C.o
 .debug_loc     0x000009d4      0x1a4 ./src/cr_startup_lpc8xx.o
 .debug_loc     0x00000b78      0x415 ./src/i2c.o
 .debug_loc     0x00000f8d       0x21 ./src/mrt.o
 .debug_loc     0x00000fae      0x263 ./src/uart.o
 .debug_loc     0x00001211       0x73 E:\LPCXpresso\workspace\CMSIS_CORE_LPC8xx\Release\libCMSIS_CORE_LPC8xx.a(system_LPC8xx.o)

.debug_aranges  0x00000000      0x1f8
 .debug_aranges
                0x00000000       0x60 ./src/UART2I2C.o
 .debug_aranges
                0x00000060       0x60 ./src/cr_startup_lpc8xx.o
 .debug_aranges
                0x000000c0       0x60 ./src/i2c.o
 .debug_aranges
                0x00000120       0x38 ./src/mrt.o
 .debug_aranges
                0x00000158       0x78 ./src/uart.o
 .debug_aranges
                0x000001d0       0x28 E:\LPCXpresso\workspace\CMSIS_CORE_LPC8xx\Release\libCMSIS_CORE_LPC8xx.a(system_LPC8xx.o)

.debug_ranges   0x00000000      0x1c8
 .debug_ranges  0x00000000       0x50 ./src/UART2I2C.o
 .debug_ranges  0x00000050       0x50 ./src/cr_startup_lpc8xx.o
 .debug_ranges  0x000000a0       0x68 ./src/i2c.o
 .debug_ranges  0x00000108       0x28 ./src/mrt.o
 .debug_ranges  0x00000130       0x80 ./src/uart.o
 .debug_ranges  0x000001b0       0x18 E:\LPCXpresso\workspace\CMSIS_CORE_LPC8xx\Release\libCMSIS_CORE_LPC8xx.a(system_LPC8xx.o)

.debug_line     0x00000000      0x9ff
 .debug_line    0x00000000      0x2c4 ./src/UART2I2C.o
 .debug_line    0x000002c4       0xae ./src/cr_startup_lpc8xx.o
 .debug_line    0x00000372      0x1fa ./src/i2c.o
 .debug_line    0x0000056c      0x13f ./src/mrt.o
 .debug_line    0x000006ab      0x24f ./src/uart.o
 .debug_line    0x000008fa      0x105 E:\LPCXpresso\workspace\CMSIS_CORE_LPC8xx\Release\libCMSIS_CORE_LPC8xx.a(system_LPC8xx.o)

.debug_str      0x00000000      0xc2d
 .debug_str     0x00000000      0x5b9 ./src/UART2I2C.o
                                0x5ef (size before relaxing)
 .debug_str     0x000005b9      0x141 ./src/cr_startup_lpc8xx.o
                                0x232 (size before relaxing)
 .debug_str     0x000006fa      0x3dd ./src/i2c.o
                                0x7c7 (size before relaxing)
 .debug_str     0x00000ad7       0x92 ./src/mrt.o
                                0x659 (size before relaxing)
 .debug_str     0x00000b69       0x73 ./src/uart.o
                                0x6fe (size before relaxing)
 .debug_str     0x00000bdc       0x51 E:\LPCXpresso\workspace\CMSIS_CORE_LPC8xx\Release\libCMSIS_CORE_LPC8xx.a(system_LPC8xx.o)
                                0x3cc (size before relaxing)

.comment        0x00000000       0x70
 .comment       0x00000000       0x70 ./src/UART2I2C.o
                                 0x71 (size before relaxing)
 .comment       0x00000000       0x71 ./src/cr_startup_lpc8xx.o
 .comment       0x00000000       0x71 ./src/i2c.o
 .comment       0x00000000       0x71 ./src/mrt.o
 .comment       0x00000000       0x71 ./src/uart.o
 .comment       0x00000000       0x71 E:\LPCXpresso\workspace\CMSIS_CORE_LPC8xx\Release\libCMSIS_CORE_LPC8xx.a(system_LPC8xx.o)
 .comment       0x00000000       0x71 d:/lpcxpresso_7.6.2_326/lpcxpresso/tools/bin/../lib/gcc/arm-none-eabi/4.9.3/../../../../arm-none-eabi/lib/armv6-m\libcr_c.a(__weak__main.o)

.ARM.attributes
                0x00000000       0x2f
 .ARM.attributes
                0x00000000       0x31 ./src/UART2I2C.o
 .ARM.attributes
                0x00000031       0x31 ./src/cr_startup_lpc8xx.o
 .ARM.attributes
                0x00000062       0x31 ./src/i2c.o
 .ARM.attributes
                0x00000093       0x31 ./src/mrt.o
 .ARM.attributes
                0x000000c4       0x31 ./src/uart.o
 .ARM.attributes
                0x000000f5       0x31 E:\LPCXpresso\workspace\CMSIS_CORE_LPC8xx\Release\libCMSIS_CORE_LPC8xx.a(system_LPC8xx.o)
 .ARM.attributes
                0x00000126       0x31 d:/lpcxpresso_7.6.2_326/lpcxpresso/tools/bin/../lib/gcc/arm-none-eabi/4.9.3/../../../../arm-none-eabi/lib/armv6-m\libcr_c.a(__weak__main.o)
 .ARM.attributes
                0x00000157       0x21 d:/lpcxpresso_7.6.2_326/lpcxpresso/tools/bin/../lib/gcc/arm-none-eabi/4.9.3/armv6-m\libcr_eabihelpers.a(division_32.o)
 .ARM.attributes
                0x00000178       0x21 d:/lpcxpresso_7.6.2_326/lpcxpresso/tools/bin/../lib/gcc/arm-none-eabi/4.9.3/armv6-m\libcr_eabihelpers.a(division_idiv0.o)

.debug_frame    0x00000000      0x470
 .debug_frame   0x00000000       0xf8 ./src/UART2I2C.o
 .debug_frame   0x000000f8       0xb0 ./src/cr_startup_lpc8xx.o
 .debug_frame   0x000001a8      0x104 ./src/i2c.o
 .debug_frame   0x000002ac       0x58 ./src/mrt.o
 .debug_frame   0x00000304      0x130 ./src/uart.o
 .debug_frame   0x00000434       0x3c E:\LPCXpresso\workspace\CMSIS_CORE_LPC8xx\Release\libCMSIS_CORE_LPC8xx.a(system_LPC8xx.o)
