Archive member included because of file (symbol)

E:\LPCXpresso\workspace\CMSIS_CORE_LPC8xx\Debug\libCMSIS_CORE_LPC8xx.a(system_LPC8xx.o)
                              ./src/UART2I2C.o (SystemCoreClockUpdate)
d:/lpcxpresso_7.6.2_326/lpcxpresso/tools/bin/../lib/gcc/arm-none-eabi/4.9.3/../../../../arm-none-eabi/lib/armv6-m\libcr_c.a(__weak__main.o)
                              ./src/cr_startup_lpc8xx.o (__main)
d:/lpcxpresso_7.6.2_326/lpcxpresso/tools/bin/../lib/gcc/arm-none-eabi/4.9.3/armv6-m\libcr_eabihelpers.a(division_32.o)
                              ./src/mrt.o (__aeabi_uidiv)
d:/lpcxpresso_7.6.2_326/lpcxpresso/tools/bin/../lib/gcc/arm-none-eabi/4.9.3/armv6-m\libcr_eabihelpers.a(division_idiv0.o)
                              d:/lpcxpresso_7.6.2_326/lpcxpresso/tools/bin/../lib/gcc/arm-none-eabi/4.9.3/armv6-m\libcr_eabihelpers.a(division_32.o) (__aeabi_idiv0)

Allocating common symbols
Common symbol       size              file

uart_prevBuffover   0x1               ./src/uart.o
cmdwait             0x1               ./src/UART2I2C.o
flgichigo           0x1               ./src/UART2I2C.o
modeOut             0x1               ./src/UART2I2C.o
flgdebug            0x1               ./src/UART2I2C.o
flginf              0x1               ./src/UART2I2C.o

Discarded input sections

 .group         0x00000000        0x8 ./src/UART2I2C.o
 .group         0x00000000        0x8 ./src/UART2I2C.o
 .group         0x00000000        0x8 ./src/UART2I2C.o
 .group         0x00000000        0x8 ./src/UART2I2C.o
 .group         0x00000000        0x8 ./src/UART2I2C.o
 .group         0x00000000        0x8 ./src/UART2I2C.o
 .group         0x00000000        0x8 ./src/UART2I2C.o
 .group         0x00000000        0x8 ./src/UART2I2C.o
 .group         0x00000000        0x8 ./src/UART2I2C.o
 .group         0x00000000        0x8 ./src/UART2I2C.o
 .group         0x00000000        0x8 ./src/UART2I2C.o
 .group         0x00000000        0x8 ./src/UART2I2C.o
 .group         0x00000000        0x8 ./src/UART2I2C.o
 .group         0x00000000        0x8 ./src/UART2I2C.o
 .text          0x00000000        0x0 ./src/UART2I2C.o
 .data          0x00000000        0x0 ./src/UART2I2C.o
 .bss           0x00000000        0x0 ./src/UART2I2C.o
 .group         0x00000000        0x8 ./src/cr_startup_lpc8xx.o
 .text          0x00000000        0x0 ./src/cr_startup_lpc8xx.o
 .data          0x00000000        0x0 ./src/cr_startup_lpc8xx.o
 .bss           0x00000000        0x0 ./src/cr_startup_lpc8xx.o
 .debug_macro   0x00000000      0x844 ./src/cr_startup_lpc8xx.o
 .group         0x00000000        0x8 ./src/crp.o
 .group         0x00000000        0x8 ./src/crp.o
 .text          0x00000000        0x0 ./src/crp.o
 .data          0x00000000        0x0 ./src/crp.o
 .bss           0x00000000        0x0 ./src/crp.o
 .crp           0x00000000        0x4 ./src/crp.o
 .debug_info    0x00000000       0x3f ./src/crp.o
 .debug_abbrev  0x00000000       0x36 ./src/crp.o
 .debug_aranges
                0x00000000       0x18 ./src/crp.o
 .debug_macro   0x00000000       0x1a ./src/crp.o
 .debug_macro   0x00000000      0x844 ./src/crp.o
 .debug_macro   0x00000000       0x34 ./src/crp.o
 .debug_line    0x00000000       0x74 ./src/crp.o
 .debug_str     0x00000000     0x246b ./src/crp.o
 .comment       0x00000000       0x71 ./src/crp.o
 .ARM.attributes
                0x00000000       0x31 ./src/crp.o
 .group         0x00000000        0x8 ./src/i2c.o
 .group         0x00000000        0x8 ./src/i2c.o
 .group         0x00000000        0x8 ./src/i2c.o
 .group         0x00000000        0x8 ./src/i2c.o
 .group         0x00000000        0x8 ./src/i2c.o
 .group         0x00000000        0x8 ./src/i2c.o
 .group         0x00000000        0x8 ./src/i2c.o
 .group         0x00000000        0x8 ./src/i2c.o
 .group         0x00000000        0x8 ./src/i2c.o
 .group         0x00000000        0x8 ./src/i2c.o
 .group         0x00000000        0x8 ./src/i2c.o
 .group         0x00000000        0x8 ./src/i2c.o
 .group         0x00000000        0x8 ./src/i2c.o
 .group         0x00000000        0x8 ./src/i2c.o
 .text          0x00000000        0x0 ./src/i2c.o
 .data          0x00000000        0x0 ./src/i2c.o
 .bss           0x00000000        0x0 ./src/i2c.o
 .debug_macro   0x00000000      0x844 ./src/i2c.o
 .debug_macro   0x00000000       0x1c ./src/i2c.o
 .debug_macro   0x00000000       0x3a ./src/i2c.o
 .debug_macro   0x00000000       0x10 ./src/i2c.o
 .debug_macro   0x00000000      0x12d ./src/i2c.o
 .debug_macro   0x00000000      0x5b2 ./src/i2c.o
 .debug_macro   0x00000000       0x1f ./src/i2c.o
 .debug_macro   0x00000000      0x242 ./src/i2c.o
 .debug_macro   0x00000000      0x146 ./src/i2c.o
 .debug_macro   0x00000000       0x22 ./src/i2c.o
 .debug_macro   0x00000000       0x7b ./src/i2c.o
 .debug_macro   0x00000000       0xe2 ./src/i2c.o
 .debug_macro   0x00000000       0x2e ./src/i2c.o
 .group         0x00000000        0x8 ./src/mrt.o
 .group         0x00000000        0x8 ./src/mrt.o
 .group         0x00000000        0x8 ./src/mrt.o
 .group         0x00000000        0x8 ./src/mrt.o
 .group         0x00000000        0x8 ./src/mrt.o
 .group         0x00000000        0x8 ./src/mrt.o
 .group         0x00000000        0x8 ./src/mrt.o
 .group         0x00000000        0x8 ./src/mrt.o
 .group         0x00000000        0x8 ./src/mrt.o
 .group         0x00000000        0x8 ./src/mrt.o
 .group         0x00000000        0x8 ./src/mrt.o
 .group         0x00000000        0x8 ./src/mrt.o
 .text          0x00000000        0x0 ./src/mrt.o
 .data          0x00000000        0x0 ./src/mrt.o
 .bss           0x00000000        0x0 ./src/mrt.o
 .debug_macro   0x00000000      0x844 ./src/mrt.o
 .debug_macro   0x00000000       0x1c ./src/mrt.o
 .debug_macro   0x00000000       0x3a ./src/mrt.o
 .debug_macro   0x00000000       0x10 ./src/mrt.o
 .debug_macro   0x00000000      0x12d ./src/mrt.o
 .debug_macro   0x00000000      0x5b2 ./src/mrt.o
 .debug_macro   0x00000000       0x1f ./src/mrt.o
 .debug_macro   0x00000000      0x242 ./src/mrt.o
 .debug_macro   0x00000000      0x146 ./src/mrt.o
 .debug_macro   0x00000000       0x22 ./src/mrt.o
 .debug_macro   0x00000000       0x7b ./src/mrt.o
 .group         0x00000000        0x8 ./src/uart.o
 .group         0x00000000        0x8 ./src/uart.o
 .group         0x00000000        0x8 ./src/uart.o
 .group         0x00000000        0x8 ./src/uart.o
 .group         0x00000000        0x8 ./src/uart.o
 .group         0x00000000        0x8 ./src/uart.o
 .group         0x00000000        0x8 ./src/uart.o
 .group         0x00000000        0x8 ./src/uart.o
 .group         0x00000000        0x8 ./src/uart.o
 .group         0x00000000        0x8 ./src/uart.o
 .group         0x00000000        0x8 ./src/uart.o
 .group         0x00000000        0x8 ./src/uart.o
 .group         0x00000000        0x8 ./src/uart.o
 .text          0x00000000        0x0 ./src/uart.o
 .data          0x00000000        0x0 ./src/uart.o
 .bss           0x00000000        0x0 ./src/uart.o
 .debug_macro   0x00000000      0x844 ./src/uart.o
 .debug_macro   0x00000000       0x1c ./src/uart.o
 .debug_macro   0x00000000       0x3a ./src/uart.o
 .debug_macro   0x00000000       0x10 ./src/uart.o
 .debug_macro   0x00000000      0x12d ./src/uart.o
 .debug_macro   0x00000000      0x5b2 ./src/uart.o
 .debug_macro   0x00000000       0x1f ./src/uart.o
 .debug_macro   0x00000000      0x242 ./src/uart.o
 .debug_macro   0x00000000      0x146 ./src/uart.o
 .debug_macro   0x00000000       0xe2 ./src/uart.o
 .debug_macro   0x00000000       0x22 ./src/uart.o
 .debug_macro   0x00000000       0x7b ./src/uart.o
 .debug_macro   0x00000000       0x28 ./src/uart.o
 .group         0x00000000        0x8 E:\LPCXpresso\workspace\CMSIS_CORE_LPC8xx\Debug\libCMSIS_CORE_LPC8xx.a(system_LPC8xx.o)
 .group         0x00000000        0x8 E:\LPCXpresso\workspace\CMSIS_CORE_LPC8xx\Debug\libCMSIS_CORE_LPC8xx.a(system_LPC8xx.o)
 .group         0x00000000        0x8 E:\LPCXpresso\workspace\CMSIS_CORE_LPC8xx\Debug\libCMSIS_CORE_LPC8xx.a(system_LPC8xx.o)
 .group         0x00000000        0x8 E:\LPCXpresso\workspace\CMSIS_CORE_LPC8xx\Debug\libCMSIS_CORE_LPC8xx.a(system_LPC8xx.o)
 .group         0x00000000        0x8 E:\LPCXpresso\workspace\CMSIS_CORE_LPC8xx\Debug\libCMSIS_CORE_LPC8xx.a(system_LPC8xx.o)
 .group         0x00000000        0x8 E:\LPCXpresso\workspace\CMSIS_CORE_LPC8xx\Debug\libCMSIS_CORE_LPC8xx.a(system_LPC8xx.o)
 .group         0x00000000        0x8 E:\LPCXpresso\workspace\CMSIS_CORE_LPC8xx\Debug\libCMSIS_CORE_LPC8xx.a(system_LPC8xx.o)
 .group         0x00000000        0x8 E:\LPCXpresso\workspace\CMSIS_CORE_LPC8xx\Debug\libCMSIS_CORE_LPC8xx.a(system_LPC8xx.o)
 .group         0x00000000        0x8 E:\LPCXpresso\workspace\CMSIS_CORE_LPC8xx\Debug\libCMSIS_CORE_LPC8xx.a(system_LPC8xx.o)
 .text          0x00000000        0x0 E:\LPCXpresso\workspace\CMSIS_CORE_LPC8xx\Debug\libCMSIS_CORE_LPC8xx.a(system_LPC8xx.o)
 .data          0x00000000        0x0 E:\LPCXpresso\workspace\CMSIS_CORE_LPC8xx\Debug\libCMSIS_CORE_LPC8xx.a(system_LPC8xx.o)
 .bss           0x00000000        0x0 E:\LPCXpresso\workspace\CMSIS_CORE_LPC8xx\Debug\libCMSIS_CORE_LPC8xx.a(system_LPC8xx.o)
 .debug_macro   0x00000000       0x10 E:\LPCXpresso\workspace\CMSIS_CORE_LPC8xx\Debug\libCMSIS_CORE_LPC8xx.a(system_LPC8xx.o)
 .debug_macro   0x00000000      0x12d E:\LPCXpresso\workspace\CMSIS_CORE_LPC8xx\Debug\libCMSIS_CORE_LPC8xx.a(system_LPC8xx.o)
 .debug_macro   0x00000000      0x5b2 E:\LPCXpresso\workspace\CMSIS_CORE_LPC8xx\Debug\libCMSIS_CORE_LPC8xx.a(system_LPC8xx.o)
 .debug_macro   0x00000000       0x1c E:\LPCXpresso\workspace\CMSIS_CORE_LPC8xx\Debug\libCMSIS_CORE_LPC8xx.a(system_LPC8xx.o)
 .debug_macro   0x00000000       0x3a E:\LPCXpresso\workspace\CMSIS_CORE_LPC8xx\Debug\libCMSIS_CORE_LPC8xx.a(system_LPC8xx.o)
 .debug_macro   0x00000000       0x1f E:\LPCXpresso\workspace\CMSIS_CORE_LPC8xx\Debug\libCMSIS_CORE_LPC8xx.a(system_LPC8xx.o)
 .debug_macro   0x00000000      0x242 E:\LPCXpresso\workspace\CMSIS_CORE_LPC8xx\Debug\libCMSIS_CORE_LPC8xx.a(system_LPC8xx.o)
 .debug_macro   0x00000000      0x146 E:\LPCXpresso\workspace\CMSIS_CORE_LPC8xx\Debug\libCMSIS_CORE_LPC8xx.a(system_LPC8xx.o)
 .text          0x00000000        0x0 d:/lpcxpresso_7.6.2_326/lpcxpresso/tools/bin/../lib/gcc/arm-none-eabi/4.9.3/../../../../arm-none-eabi/lib/armv6-m\libcr_c.a(__weak__main.o)
 .data          0x00000000        0x0 d:/lpcxpresso_7.6.2_326/lpcxpresso/tools/bin/../lib/gcc/arm-none-eabi/4.9.3/../../../../arm-none-eabi/lib/armv6-m\libcr_c.a(__weak__main.o)
 .bss           0x00000000        0x0 d:/lpcxpresso_7.6.2_326/lpcxpresso/tools/bin/../lib/gcc/arm-none-eabi/4.9.3/../../../../arm-none-eabi/lib/armv6-m\libcr_c.a(__weak__main.o)
 .text          0x00000000        0x0 d:/lpcxpresso_7.6.2_326/lpcxpresso/tools/bin/../lib/gcc/arm-none-eabi/4.9.3/armv6-m\libcr_eabihelpers.a(division_32.o)
 .data          0x00000000        0x0 d:/lpcxpresso_7.6.2_326/lpcxpresso/tools/bin/../lib/gcc/arm-none-eabi/4.9.3/armv6-m\libcr_eabihelpers.a(division_32.o)
 .bss           0x00000000        0x0 d:/lpcxpresso_7.6.2_326/lpcxpresso/tools/bin/../lib/gcc/arm-none-eabi/4.9.3/armv6-m\libcr_eabihelpers.a(division_32.o)
 .text          0x00000000        0x0 d:/lpcxpresso_7.6.2_326/lpcxpresso/tools/bin/../lib/gcc/arm-none-eabi/4.9.3/armv6-m\libcr_eabihelpers.a(division_idiv0.o)
 .data          0x00000000        0x0 d:/lpcxpresso_7.6.2_326/lpcxpresso/tools/bin/../lib/gcc/arm-none-eabi/4.9.3/armv6-m\libcr_eabihelpers.a(division_idiv0.o)
 .bss           0x00000000        0x0 d:/lpcxpresso_7.6.2_326/lpcxpresso/tools/bin/../lib/gcc/arm-none-eabi/4.9.3/armv6-m\libcr_eabihelpers.a(division_idiv0.o)

Memory Configuration

Name             Origin             Length             Attributes
MFlash4          0x00000000         0x00001000         xr
RamLoc1          0x10000000         0x00000400         xrw
*default*        0x00000000         0xffffffff

Linker script and memory map

LOAD ./src/UART2I2C.o
LOAD ./src/cr_startup_lpc8xx.o
LOAD ./src/crp.o
LOAD ./src/i2c.o
LOAD ./src/mrt.o
LOAD ./src/uart.o
LOAD E:\LPCXpresso\workspace\CMSIS_CORE_LPC8xx\Debug\libCMSIS_CORE_LPC8xx.a
LOAD E:\LPCXpresso\workspace\lpc800_driver_lib\Debug\liblpc800_driver_lib.a
START GROUP
LOAD d:/lpcxpresso_7.6.2_326/lpcxpresso/tools/bin/../lib/gcc/arm-none-eabi/4.9.3/../../../../arm-none-eabi/lib/armv6-m\libcr_c.a
LOAD d:/lpcxpresso_7.6.2_326/lpcxpresso/tools/bin/../lib/gcc/arm-none-eabi/4.9.3/armv6-m\libcr_eabihelpers.a
END GROUP
                0x00001000                __top_MFlash4 = 0x1000
                0x10000400                __top_RamLoc1 = 0x10000400

.text           0x00000000     0x18ec
 FILL mask 0xff
                0x00000000                __vectors_start__ = ABSOLUTE (.)
 *(.isr_vector)
 .isr_vector    0x00000000       0xc0 ./src/cr_startup_lpc8xx.o
                0x00000000                g_pfnVectors
                0x000000c0                . = ALIGN (0x4)
                0x000000c0                __section_table_start = .
                0x000000c0                __data_section_table = .
                0x000000c0        0x4 LONG 0x18ec LOADADDR (.data)
                0x000000c4        0x4 LONG 0x10000000 ADDR (.data)
                0x000000c8        0x4 LONG 0x4 SIZEOF (.data)
                0x000000cc                __data_section_table_end = .
                0x000000cc                __bss_section_table = .
                0x000000cc        0x4 LONG 0x10000004 ADDR (.bss)
                0x000000d0        0x4 LONG 0xc SIZEOF (.bss)
                0x000000d4                __bss_section_table_end = .
                0x000000d4                __section_table_end = .
 *(.after_vectors*)
 .after_vectors
                0x000000d4      0x128 ./src/cr_startup_lpc8xx.o
                0x000000d4                data_init
                0x00000114                bss_init
                0x00000148                ResetISR
                0x000001cc                NMI_Handler
                0x000001d4                HardFault_Handler
                0x000001dc                SVC_Handler
                0x000001e4                PendSV_Handler
                0x000001ec                SysTick_Handler
                0x000001f4                UART1_IRQHandler
                0x000001f4                UART0_IRQHandler
                0x000001f4                PININT2_IRQHandler
                0x000001f4                PININT1_IRQHandler
                0x000001f4                SPI1_IRQHandler
                0x000001f4                IntDefaultHandler
                0x000001f4                PININT7_IRQHandler
                0x000001f4                PININT3_IRQHandler
                0x000001f4                UART2_IRQHandler
                0x000001f4                PININT5_IRQHandler
                0x000001f4                PININT4_IRQHandler
                0x000001f4                PININT0_IRQHandler
                0x000001f4                BOD_IRQHandler
                0x000001f4                SCT_IRQHandler
                0x000001f4                I2C_IRQHandler
                0x000001f4                WDT_IRQHandler
                0x000001f4                WKT_IRQHandler
                0x000001f4                PININT6_IRQHandler
                0x000001f4                SPI0_IRQHandler
                0x000001f4                CMP_IRQHandler
 *(.text*)
 .text.for_ichigo_rem
                0x000001fc       0x1c ./src/UART2I2C.o
                0x000001fc                for_ichigo_rem
 .text.uart_dump
                0x00000218       0x78 ./src/UART2I2C.o
                0x00000218                uart_dump
 .text.SwitchMatrix_Init
                0x00000290       0x48 ./src/UART2I2C.o
                0x00000290                SwitchMatrix_Init
 .text.hex2val  0x000002d8      0x110 ./src/UART2I2C.o
                0x000002d8                hex2val
 .text.debug_uartToi2c
                0x000003e8       0x9c ./src/UART2I2C.o
                0x000003e8                debug_uartToi2c
 .text.execI2Ccmd
                0x00000484      0x1e8 ./src/UART2I2C.o
                0x00000484                execI2Ccmd
 .text.text2cmd
                0x0000066c      0x5e8 ./src/UART2I2C.o
                0x0000066c                text2cmd
 .text.doUART2I2C
                0x00000c54      0x100 ./src/UART2I2C.o
                0x00000c54                doUART2I2C
 .text.main     0x00000d54       0x54 ./src/UART2I2C.o
                0x00000d54                main
 .text.NVIC_DisableIRQ
                0x00000da8       0x30 ./src/i2c.o
 .text.i2c_waitReady
                0x00000dd8       0x3c ./src/i2c.o
                0x00000dd8                i2c_waitReady
 .text.i2c_write_address
                0x00000e14       0x6c ./src/i2c.o
                0x00000e14                i2c_write_address
 .text.i2c_write_byte
                0x00000e80       0x70 ./src/i2c.o
                0x00000e80                i2c_write_byte
 .text.i2c_read_byte
                0x00000ef0       0x80 ./src/i2c.o
                0x00000ef0                i2c_read_byte
 .text.i2c_msend
                0x00000f70       0x80 ./src/i2c.o
                0x00000f70                i2c_msend
 .text.i2c_send
                0x00000ff0       0x50 ./src/i2c.o
                0x00000ff0                i2c_send
 .text.i2c_mreceive
                0x00001040       0x94 ./src/i2c.o
                0x00001040                i2c_mreceive
 .text.i2c_msendRcv
                0x000010d4       0xdc ./src/i2c.o
                0x000010d4                i2c_msendRcv
 .text.i2c_init
                0x000011b0       0x84 ./src/i2c.o
                0x000011b0                i2c_init
 .text.NVIC_EnableIRQ
                0x00001234       0x2c ./src/mrt.o
 .text.MRT_IRQHandler
                0x00001260       0x2c ./src/mrt.o
                0x00001260                MRT_IRQHandler
 .text.mrt_init
                0x0000128c       0x78 ./src/mrt.o
                0x0000128c                mrt_init
 .text.delay    0x00001304       0x28 ./src/mrt.o
                0x00001304                delay
 .text.mrt_read_counter
                0x0000132c       0x14 ./src/mrt.o
                0x0000132c                mrt_read_counter
 .text.NVIC_DisableIRQ
                0x00001340       0x30 ./src/uart.o
 .text.uart_clockinit
                0x00001370       0x58 ./src/uart.o
                0x00001370                uart_clockinit
 .text.uart_init
                0x000013c8       0xb0 ./src/uart.o
                0x000013c8                uart_init
 .text.uart_write
                0x00001478       0x2c ./src/uart.o
                0x00001478                uart_write
 .text.uart_available
                0x000014a4       0x20 ./src/uart.o
                0x000014a4                uart_available
 .text.uart_read
                0x000014c4       0x14 ./src/uart.o
                0x000014c4                uart_read
 .text.uart_readline
                0x000014d8       0xa4 ./src/uart.o
                0x000014d8                uart_readline
 .text.uart_clear
                0x0000157c       0x28 ./src/uart.o
                0x0000157c                uart_clear
 .text.uart_print
                0x000015a4       0x34 ./src/uart.o
                0x000015a4                uart_print
 .text.uart_writeln
                0x000015d8       0x18 ./src/uart.o
                0x000015d8                uart_writeln
 .text.uart_println
                0x000015f0       0x1c ./src/uart.o
                0x000015f0                uart_println
 .text.uart_print_dec
                0x0000160c       0x88 ./src/uart.o
                0x0000160c                uart_print_dec
 .text.uart_print_hex
                0x00001694       0x78 ./src/uart.o
                0x00001694                uart_print_hex
 .text.SystemCoreClockUpdate
                0x0000170c       0xa0 E:\LPCXpresso\workspace\CMSIS_CORE_LPC8xx\Debug\libCMSIS_CORE_LPC8xx.a(system_LPC8xx.o)
                0x0000170c                SystemCoreClockUpdate
 .text.SystemInit
                0x000017ac       0x40 E:\LPCXpresso\workspace\CMSIS_CORE_LPC8xx\Debug\libCMSIS_CORE_LPC8xx.a(system_LPC8xx.o)
                0x000017ac                SystemInit
 .text.__weak_main
                0x000017ec        0x8 d:/lpcxpresso_7.6.2_326/lpcxpresso/tools/bin/../lib/gcc/arm-none-eabi/4.9.3/../../../../arm-none-eabi/lib/armv6-m\libcr_c.a(__weak__main.o)
                0x000017ec                __weak_main
                0x000017ec                __main
 .text.__aeabi_division_idivmod
                0x000017f4       0x78 d:/lpcxpresso_7.6.2_326/lpcxpresso/tools/bin/../lib/gcc/arm-none-eabi/4.9.3/armv6-m\libcr_eabihelpers.a(division_32.o)
                0x000017f4                __aeabi_idivmod
                0x000017f4                __aeabi_idiv
                0x000017fa                __aeabi_uidivmod
                0x000017fa                __aeabi_uidiv
 .text.__aeabi_division_idiv0
                0x0000186c        0x2 d:/lpcxpresso_7.6.2_326/lpcxpresso/tools/bin/../lib/gcc/arm-none-eabi/4.9.3/armv6-m\libcr_eabihelpers.a(division_idiv0.o)
                0x0000186c                __aeabi_idiv0
 *(.rodata .rodata.* .constdata .constdata.*)
 *fill*         0x0000186e        0x2 
 .rodata        0x00001870       0x40 ./src/UART2I2C.o
 .rodata.CSWTCH.6
                0x000018b0       0x3c E:\LPCXpresso\workspace\CMSIS_CORE_LPC8xx\Debug\libCMSIS_CORE_LPC8xx.a(system_LPC8xx.o)
                0x000018ec                . = ALIGN (0x4)

.glue_7         0x000018ec        0x0
 .glue_7        0x00000000        0x0 linker stubs

.glue_7t        0x000018ec        0x0
 .glue_7t       0x00000000        0x0 linker stubs

.vfp11_veneer   0x000018ec        0x0
 .vfp11_veneer  0x00000000        0x0 linker stubs

.v4_bx          0x000018ec        0x0
 .v4_bx         0x00000000        0x0 linker stubs

.iplt           0x000018ec        0x0
 .iplt          0x00000000        0x0 ./src/UART2I2C.o

.rel.dyn        0x000018ec        0x0
 .rel.iplt      0x00000000        0x0 ./src/UART2I2C.o

.ARM.extab
 *(.ARM.extab* .gnu.linkonce.armextab.*)
                0x000018ec                __exidx_start = .

.ARM.exidx
 *(.ARM.exidx* .gnu.linkonce.armexidx.*)
                0x000018ec                __exidx_end = .
                0x000018ec                _etext = .

.mtb_buffer_default
 *(.mtb*)

.uninit_RESERVED
                0x10000000        0x0
 *(.bss.$RESERVED*)
                0x10000000                . = ALIGN (0x4)
                0x10000000                _end_uninit_RESERVED = .

.data           0x10000000        0x4 load address 0x000018ec
 FILL mask 0xff
                0x10000000                _data = .
 *(vtable)
 *(.ramfunc*)
 *(.data*)
 .data.SystemCoreClock
                0x10000000        0x4 E:\LPCXpresso\workspace\CMSIS_CORE_LPC8xx\Debug\libCMSIS_CORE_LPC8xx.a(system_LPC8xx.o)
                0x10000000                SystemCoreClock
                0x10000004                . = ALIGN (0x4)
                0x10000004                _edata = .

.igot.plt       0x10000004        0x0 load address 0x000018f0
 .igot.plt      0x00000000        0x0 ./src/UART2I2C.o

.bss            0x10000004        0xc load address 0x000018f0
                0x10000004                _bss = .
 *(.bss*)
 .bss.mrt_counter
                0x10000004        0x4 ./src/mrt.o
 *(COMMON)
 COMMON         0x10000008        0x5 ./src/UART2I2C.o
                0x10000008                cmdwait
                0x10000009                flgichigo
                0x1000000a                modeOut
                0x1000000b                flgdebug
                0x1000000c                flginf
 COMMON         0x1000000d        0x1 ./src/uart.o
                0x1000000d                uart_prevBuffover
                0x10000010                . = ALIGN (0x4)
 *fill*         0x1000000e        0x2 
                0x10000010                _ebss = .
                0x10000010                PROVIDE (end, .)

.noinit         0x10000010        0x0 load address 0x000018f0
                0x10000010                _noinit = .
 *(.noinit*)
                0x10000010                . = ALIGN (0x4)
                0x10000010                _end_noinit = .
                0x10000010                PROVIDE (_pvHeapStart, DEFINED (__user_heap_base)?__user_heap_base:.)
                0x10000400                PROVIDE (_vStackTop, DEFINED (__user_stack_top)?__user_stack_top:(__top_RamLoc1 - 0x0))
OUTPUT(UART2I2C.axf elf32-littlearm)

.debug_info     0x00000000     0x2808
 .debug_info    0x00000000      0x840 ./src/UART2I2C.o
 .debug_info    0x00000840      0x1fe ./src/cr_startup_lpc8xx.o
 .debug_info    0x00000a3e      0xa62 ./src/i2c.o
 .debug_info    0x000014a0      0x6e6 ./src/mrt.o
 .debug_info    0x00001b86      0x86d ./src/uart.o
 .debug_info    0x000023f3      0x415 E:\LPCXpresso\workspace\CMSIS_CORE_LPC8xx\Debug\libCMSIS_CORE_LPC8xx.a(system_LPC8xx.o)

.debug_abbrev   0x00000000      0x979
 .debug_abbrev  0x00000000      0x21c ./src/UART2I2C.o
 .debug_abbrev  0x0000021c       0xe6 ./src/cr_startup_lpc8xx.o
 .debug_abbrev  0x00000302      0x1c7 ./src/i2c.o
 .debug_abbrev  0x000004c9      0x1ba ./src/mrt.o
 .debug_abbrev  0x00000683      0x210 ./src/uart.o
 .debug_abbrev  0x00000893       0xe6 E:\LPCXpresso\workspace\CMSIS_CORE_LPC8xx\Debug\libCMSIS_CORE_LPC8xx.a(system_LPC8xx.o)

.debug_aranges  0x00000000      0x210
 .debug_aranges
                0x00000000       0x60 ./src/UART2I2C.o
 .debug_aranges
                0x00000060       0x60 ./src/cr_startup_lpc8xx.o
 .debug_aranges
                0x000000c0       0x68 ./src/i2c.o
 .debug_aranges
                0x00000128       0x40 ./src/mrt.o
 .debug_aranges
                0x00000168       0x80 ./src/uart.o
 .debug_aranges
                0x000001e8       0x28 E:\LPCXpresso\workspace\CMSIS_CORE_LPC8xx\Debug\libCMSIS_CORE_LPC8xx.a(system_LPC8xx.o)

.debug_ranges   0x00000000      0x1b0
 .debug_ranges  0x00000000       0x50 ./src/UART2I2C.o
 .debug_ranges  0x00000050       0x50 ./src/cr_startup_lpc8xx.o
 .debug_ranges  0x000000a0       0x58 ./src/i2c.o
 .debug_ranges  0x000000f8       0x30 ./src/mrt.o
 .debug_ranges  0x00000128       0x70 ./src/uart.o
 .debug_ranges  0x00000198       0x18 E:\LPCXpresso\workspace\CMSIS_CORE_LPC8xx\Debug\libCMSIS_CORE_LPC8xx.a(system_LPC8xx.o)

.debug_macro    0x00000000     0x2348
 .debug_macro   0x00000000       0xd9 ./src/UART2I2C.o
 .debug_macro   0x000000d9      0x844 ./src/UART2I2C.o
 .debug_macro   0x0000091d       0x1c ./src/UART2I2C.o
 .debug_macro   0x00000939       0x3a ./src/UART2I2C.o
 .debug_macro   0x00000973       0x10 ./src/UART2I2C.o
 .debug_macro   0x00000983      0x12d ./src/UART2I2C.o
 .debug_macro   0x00000ab0      0x5b2 ./src/UART2I2C.o
 .debug_macro   0x00001062       0x1f ./src/UART2I2C.o
 .debug_macro   0x00001081      0x242 ./src/UART2I2C.o
 .debug_macro   0x000012c3      0x146 ./src/UART2I2C.o
 .debug_macro   0x00001409       0x22 ./src/UART2I2C.o
 .debug_macro   0x0000142b       0x7b ./src/UART2I2C.o
 .debug_macro   0x000014a6       0xe2 ./src/UART2I2C.o
 .debug_macro   0x00001588       0x2e ./src/UART2I2C.o
 .debug_macro   0x000015b6      0x118 ./src/UART2I2C.o
 .debug_macro   0x000016ce       0x1d ./src/cr_startup_lpc8xx.o
 .debug_macro   0x000016eb       0xaf ./src/i2c.o
 .debug_macro   0x0000179a      0x112 ./src/i2c.o
 .debug_macro   0x000018ac       0x9d ./src/mrt.o
 .debug_macro   0x00001949       0x28 ./src/mrt.o
 .debug_macro   0x00001971       0xa6 ./src/uart.o
 .debug_macro   0x00001a17       0xf9 E:\LPCXpresso\workspace\CMSIS_CORE_LPC8xx\Debug\libCMSIS_CORE_LPC8xx.a(system_LPC8xx.o)
 .debug_macro   0x00001b10      0x838 E:\LPCXpresso\workspace\CMSIS_CORE_LPC8xx\Debug\libCMSIS_CORE_LPC8xx.a(system_LPC8xx.o)

.debug_line     0x00000000      0xe4a
 .debug_line    0x00000000      0x3e3 ./src/UART2I2C.o
 .debug_line    0x000003e3       0xb9 ./src/cr_startup_lpc8xx.o
 .debug_line    0x0000049c      0x2e6 ./src/i2c.o
 .debug_line    0x00000782      0x1fb ./src/mrt.o
 .debug_line    0x0000097d      0x30e ./src/uart.o
 .debug_line    0x00000c8b      0x1bf E:\LPCXpresso\workspace\CMSIS_CORE_LPC8xx\Debug\libCMSIS_CORE_LPC8xx.a(system_LPC8xx.o)

.debug_str      0x00000000     0x69da
 .debug_str     0x00000000     0x5f0e ./src/UART2I2C.o
                               0x5faa (size before relaxing)
 .debug_str     0x00005f0e      0x177 ./src/cr_startup_lpc8xx.o
                               0x2508 (size before relaxing)
 .debug_str     0x00006085      0x402 ./src/i2c.o
                               0x6196 (size before relaxing)
 .debug_str     0x00006487       0xb2 ./src/mrt.o
                               0x592b (size before relaxing)
 .debug_str     0x00006539       0xe2 ./src/uart.o
                               0x5c7d (size before relaxing)
 .debug_str     0x0000661b      0x3bf E:\LPCXpresso\workspace\CMSIS_CORE_LPC8xx\Debug\libCMSIS_CORE_LPC8xx.a(system_LPC8xx.o)
                               0x562f (size before relaxing)

.comment        0x00000000       0x70
 .comment       0x00000000       0x70 ./src/UART2I2C.o
                                 0x71 (size before relaxing)
 .comment       0x00000000       0x71 ./src/cr_startup_lpc8xx.o
 .comment       0x00000000       0x71 ./src/i2c.o
 .comment       0x00000000       0x71 ./src/mrt.o
 .comment       0x00000000       0x71 ./src/uart.o
 .comment       0x00000000       0x71 E:\LPCXpresso\workspace\CMSIS_CORE_LPC8xx\Debug\libCMSIS_CORE_LPC8xx.a(system_LPC8xx.o)
 .comment       0x00000000       0x71 d:/lpcxpresso_7.6.2_326/lpcxpresso/tools/bin/../lib/gcc/arm-none-eabi/4.9.3/../../../../arm-none-eabi/lib/armv6-m\libcr_c.a(__weak__main.o)

.ARM.attributes
                0x00000000       0x2f
 .ARM.attributes
                0x00000000       0x31 ./src/UART2I2C.o
 .ARM.attributes
                0x00000031       0x31 ./src/cr_startup_lpc8xx.o
 .ARM.attributes
                0x00000062       0x31 ./src/i2c.o
 .ARM.attributes
                0x00000093       0x31 ./src/mrt.o
 .ARM.attributes
                0x000000c4       0x31 ./src/uart.o
 .ARM.attributes
                0x000000f5       0x31 E:\LPCXpresso\workspace\CMSIS_CORE_LPC8xx\Debug\libCMSIS_CORE_LPC8xx.a(system_LPC8xx.o)
 .ARM.attributes
                0x00000126       0x31 d:/lpcxpresso_7.6.2_326/lpcxpresso/tools/bin/../lib/gcc/arm-none-eabi/4.9.3/../../../../arm-none-eabi/lib/armv6-m\libcr_c.a(__weak__main.o)
 .ARM.attributes
                0x00000157       0x21 d:/lpcxpresso_7.6.2_326/lpcxpresso/tools/bin/../lib/gcc/arm-none-eabi/4.9.3/armv6-m\libcr_eabihelpers.a(division_32.o)
 .ARM.attributes
                0x00000178       0x21 d:/lpcxpresso_7.6.2_326/lpcxpresso/tools/bin/../lib/gcc/arm-none-eabi/4.9.3/armv6-m\libcr_eabihelpers.a(division_idiv0.o)

.debug_frame    0x00000000      0x60c
 .debug_frame   0x00000000      0x124 ./src/UART2I2C.o
 .debug_frame   0x00000124      0x118 ./src/cr_startup_lpc8xx.o
 .debug_frame   0x0000023c      0x14c ./src/i2c.o
 .debug_frame   0x00000388       0xa8 ./src/mrt.o
 .debug_frame   0x00000430      0x1a0 ./src/uart.o
 .debug_frame   0x000005d0       0x3c E:\LPCXpresso\workspace\CMSIS_CORE_LPC8xx\Debug\libCMSIS_CORE_LPC8xx.a(system_LPC8xx.o)

.debug_loc      0x00000000       0x73
 .debug_loc     0x00000000       0x73 E:\LPCXpresso\workspace\CMSIS_CORE_LPC8xx\Debug\libCMSIS_CORE_LPC8xx.a(system_LPC8xx.o)
